# 纯Adam·MC 看门狗  L=14 dh=32 lr=0.00025 ns=600 eval_every=500 tol=1.5% E0(M=0 ED)=-6.263550 E0/site=-0.447396
step    500  E=-0.302153±0.1194  err= 32.46%  t=   13s
step   1000  E=-0.329415±0.0844  err= 26.37%  t=   27s
step   1500  E=-0.364868±0.0640  err= 18.45%  t=   55s
step   2000  E=-0.383644±0.0605  err= 14.25%  t=   85s
step   2500  E=-0.390292±0.0570  err= 12.76%  t=  114s
step   3000  E=-0.397256±0.0574  err= 11.21%  t=  144s
step   3500  E=-0.404005±0.0550  err=  9.70%  t=  173s
step   4000  E=-0.407206±0.0521  err=  8.98%  t=  202s
step   4500  E=-0.413474±0.0478  err=  7.58%  t=  231s
step   5000  E=-0.415912±0.0366  err=  7.04%  t=  260s
step   5500  E=-0.421176±0.0330  err=  5.86%  t=  278s
step   6000  E=-0.424233±0.0287  err=  5.18%  t=  292s
step   6500  E=-0.425159±0.0404  err=  4.97%  t=  305s
step   7000  E=-0.426403±0.0348  err=  4.69%  t=  324s
step   7500  E=-0.428240±0.0362  err=  4.28%  t=  352s
step   8000  E=-0.428821±0.0296  err=  4.15%  t=  376s
step   8500  E=-0.430306±0.0328  err=  3.82%  t=  403s
step   9000  E=-0.432963±0.0248  err=  3.23%  t=  421s
step   9500  E=-0.431923±0.0252  err=  3.46%  t=  439s
step  10000  E=-0.433408±0.0288  err=  3.13%  t=  456s
step  10500  E=-0.433281±0.0325  err=  3.16%  t=  475s
step  11000  E=-0.433956±0.0323  err=  3.00%  t=  491s
step  11500  E=-0.436023±0.0243  err=  2.54%  t=  504s
step  12000  E=-0.435918±0.0238  err=  2.57%  t=  523s
step  12500  E=-0.436717±0.0341  err=  2.39%  t=  554s
step  13000  E=-0.437234±0.0257  err=  2.27%  t=  583s
step  13500  E=-0.436883±0.0325  err=  2.35%  t=  612s
step  14000  E=-0.437393±0.0206  err=  2.24%  t=  640s
step  14500  E=-0.438461±0.0242  err=  2.00%  t=  669s
step  15000  E=-0.438926±0.0224  err=  1.89%  t=  697s
step  15500  E=-0.439059±0.0240  err=  1.86%  t=  726s
step  16000  E=-0.438883±0.0300  err=  1.90%  t=  764s
step  16500  E=-0.439540±0.0210  err=  1.76%  t=  795s
step  17000  E=-0.439647±0.0182  err=  1.73%  t=  819s
step  17500  E=-0.440161±0.0214  err=  1.62%  t=  833s
step  18000  E=-0.440654±0.0242  err=  1.51%  t=  857s
step  18500  E=-0.440156±0.0254  err=  1.62%  t=  887s
step  19000  E=-0.441788±0.0225  err=  1.25%  t=  917s
>> 达标停止 @step 19000  复验 E=-0.441628±0.0194 err=1.289%
final E=-0.441703±0.0220 err=1.273% hist_min=-0.44450 total_t=917s
